[libguides.library.cpp.edu/c840d.html]
[backblue.gif]
[fade.gif]
[index.html]
[libapps.s3.amazonaws.com/apps/common/favicon/apple-touch-icon.png]
[libapps.s3.amazonaws.com/apps/common/favicon/favicon-32x32.png]
[libapps.s3.amazonaws.com/apps/common/favicon/favicon-16x16.png]
[libguides.library.cpp.edu/web/jquery/css/jquery-ui.mindbbf.css]
[libguides.library.cpp.edu/web/font-awesome/4.7.0/css/font-awesome.min.css]
[libguides.library.cpp.edu/web/slick-1.8.1/slick/slick.css]
[libguides.library.cpp.edu/web/slick-1.8.1/slick/slick-theme.css]
[libguides.library.cpp.edu/web/css2.18.6/lg-public.min.css]
[libguides.library.cpp.edu/web/jquery/js/1.12.4_jquery.min.js]
[code.jquery.com/ui/1.12.1/jquery-ui.min.js]
[libguides.library.cpp.edu/web/js2.18.6/lg-public.min.js]
[libguides.library.cpp.edu/web/jquery/js/jquery-ui.mindbbf.js]
[libguides.library.cpp.edu/web/js/sa.min5819.js]
[libguides.library.cpp.edu/index.html]
[libapps.s3.amazonaws.com/customers/1060/images/cpp-octo-web.png]
[libapps.s3.amazonaws.com/customers/1060/images/library-justus-small.png]
[libapps.s3.amazonaws.com/customers/1060/images/pomona175.png]
[libguides.library.cpp.edu/aerospace.html]
[libguides.library.cpp.edu/index4f38.html]
[libguides.library.cpp.edu/c827d.html]
[libguides.library.cpp.edu/cbedb.html]
[libguides.library.cpp.edu/c8380.html]
[libguides.library.cpp.edu/cfe43.html]
[libguides.library.cpp.edu/caafb.html]
[libguides.library.cpp.edu/ca793.html]
[libguides.library.cpp.edu/c8f82.html]
[libguides.library.cpp.edu/internetevaluationcriteria]
[libguides.library.cpp.edu/sb0a19.html]
[libguides.library.cpp.edu/srch66de.html]
[libguides.library.cpp.edu/srch859f.html]
[libguides.library.cpp.edu/srchfe3c.html]
[libguides.library.cpp.edu/srchd2dc.html]
[libguides.library.cpp.edu/srch23ca.html]
[libapps.s3.amazonaws.com/customers/1060/images/twitter-logo.png]
[libapps.s3.amazonaws.com/customers/1060/images/facebook-logo.png]
[libapps.s3.amazonaws.com/customers/1060/images/youtube-logo.png]
[libapps.s3.amazonaws.com/customers/1060/images/instagram-logo.png]
[www.google-analytics.com/analytics.js]
[libguides.library.cpp.edu/c840d.html]
[libguides.library.cpp.edu/web/jquery/css/images/ui-bg_flat_75_ffffff_40x100.png]
[libguides.library.cpp.edu/web/jquery/css/images/ui-bg_highlight-soft_75_cccccc_1x100.png]
[libguides.library.cpp.edu/web/jquery/css/images/ui-bg_glass_75_e6e6e6_1x400.png]
[libguides.library.cpp.edu/web/jquery/css/images/ui-bg_glass_75_dadada_1x400.png]
[libguides.library.cpp.edu/web/jquery/css/images/ui-bg_glass_65_ffffff_1x400.png]
[libguides.library.cpp.edu/web/jquery/css/images/ui-bg_glass_55_fbf9ee_1x400.png]
[libguides.library.cpp.edu/web/jquery/css/images/ui-bg_glass_95_fef1ec_1x400.png]
[libguides.library.cpp.edu/web/jquery/css/images/ui-icons_222222_256x240.png]
[libguides.library.cpp.edu/web/jquery/css/images/ui-icons_888888_256x240.png]
[libguides.library.cpp.edu/web/jquery/css/images/ui-icons_454545_256x240.png]
[libguides.library.cpp.edu/web/jquery/css/images/ui-icons_2e83ff_256x240.png]
[libguides.library.cpp.edu/web/jquery/css/images/ui-icons_cd0a0a_256x240.png]
[libguides.library.cpp.edu/web/jquery/css/images/ui-bg_flat_0_aaaaaa_40x100.png]
[libguides.library.cpp.edu/web/jquery/css/jquery-ui.mindbbf.css]
[libguides.library.cpp.edu/web/font-awesome/4.7.0/fonts/fontawesome-webfont3e6e.eot]
[libguides.library.cpp.edu/web/font-awesome/4.7.0/fonts/fontawesome-webfontd41d.eot]
[libguides.library.cpp.edu/web/font-awesome/4.7.0/fonts/fontawesome-webfont3e6e.woff2]
[libguides.library.cpp.edu/web/font-awesome/4.7.0/fonts/fontawesome-webfont3e6e.woff]
[libguides.library.cpp.edu/web/font-awesome/4.7.0/fonts/fontawesome-webfont3e6e.ttf]
[libguides.library.cpp.edu/web/font-awesome/4.7.0/css/font-awesome.min.css]
[libguides.library.cpp.edu/web/slick-1.8.1/slick/slick.css]
[libguides.library.cpp.edu/web/slick-1.8.1/slick/ajax-loader.gif]
[libguides.library.cpp.edu/web/slick-1.8.1/slick/fonts/slick.eot]
[libguides.library.cpp.edu/web/slick-1.8.1/slick/fonts/slickd41d.eot]
[libguides.library.cpp.edu/web/slick-1.8.1/slick/fonts/slick.woff]
[libguides.library.cpp.edu/web/slick-1.8.1/slick/fonts/slick.ttf]
[libguides.library.cpp.edu/web/slick-1.8.1/slick/slick-theme.css]
[libguides.library.cpp.edu/web/fonts/glyphicons-halflings-regular.eot]
[libguides.library.cpp.edu/web/fonts/glyphicons-halflings-regulard41d.eot]
[libguides.library.cpp.edu/web/fonts/glyphicons-halflings-regular.woff2]
[libguides.library.cpp.edu/web/fonts/glyphicons-halflings-regular.woff]
[libguides.library.cpp.edu/web/fonts/glyphicons-halflings-regular.ttf]
[libguides.library.cpp.edu/web/css2.18.6/lg-public.min.css]
[libapps.s3.amazonaws.com/accounts/2555/images/call-widget_blue.png]
[libapps.s3.amazonaws.com/accounts/2555/images/help-widgit_blue.png]
[libapps.s3.amazonaws.com/accounts/2555/images/find-widget_blue.png]
[libapps.s3.amazonaws.com/accounts/2555/images/text-widget_blue.png]
[libapps.s3.amazonaws.com/accounts/2555/images/chat-widget_blue.png]
[libguides.library.cpp.edu/index.html]
[libguides.library.cpp.edu/index4f38.html]
[libapps.s3.amazonaws.com/accounts/59171/profiles/50718/PXL_20220212_001909915_2.jpg]
[libguides.library.cpp.edu/prfdec4.html]
[icons.iconarchive.com/icons/dakirby309/simply-styled/32/Spotify-icon.png]
[libguides.library.cpp.edu/sbf623.html]
[libguides.library.cpp.edu/sb55f1.html]
[libguides.library.cpp.edu/sb851a.html]
[libguides.library.cpp.edu/sb37d3.html]
[libguides.library.cpp.edu/sbf845.html]
[libguides.library.cpp.edu/sba841.html]
[libguides.library.cpp.edu/sb5762.html]
[libapps.s3.amazonaws.com/accounts/59171/images/sr71.jpg]
[libguides.library.cpp.edu/aerospace.html]
[libguides.library.cpp.edu/c827d.html]
[images.amazon.com/images/P/0471139467.jpg]
[lgimages.s3.amazonaws.com/data/imagemanager/28207/knovel_search_new.jpg]
[lgimages.s3.amazonaws.com/data/imagemanager/28207/myknovel.jpg]
[libguides.library.cpp.edu/cbedb.html]
[libguides.library.cpp.edu/c8380.html]
[libguides.library.cpp.edu/cfe43.html]
[libguides.library.cpp.edu/caafb.html]
[libguides.library.cpp.edu/ca793.html]
[lgapi-us.libapps.com/web/js/sa.min5819.js]
[libguides.library.cpp.edu/c8f82.html]
[libguides.library.cpp.edu/internetevaluationcriteria.html]
[libguides.library.cpp.edu/citationtutorials.html]
[libguides.library.cpp.edu/sb.html]
[libguides.library.cpp.edu/sb6c96.html]
[libguides.library.cpp.edu/sbaf5f.html]
[libguides.library.cpp.edu/sbd3fc.html]
[libguides.library.cpp.edu/sb2c0b.html]
[libguides.library.cpp.edu/sba2e1.html]
[libguides.library.cpp.edu/sb0f14.html]
[libguides.library.cpp.edu/sbd2f4.html]
[libguides.library.cpp.edu/sbf60b.html]
[libguides.library.cpp.edu/sbf861.html]
[libguides.library.cpp.edu/sb434f.html]
[libguides.library.cpp.edu/sb690c.html]
[libguides.library.cpp.edu/sbcc41.html]
[libguides.library.cpp.edu/sbf574.html]
[libguides.library.cpp.edu/sbdbe0.html]
[libguides.library.cpp.edu/sbb546.html]
[libguides.library.cpp.edu/sbefa8.html]
[libguides.library.cpp.edu/sb0ae3.html]
[libguides.library.cpp.edu/sbadb3.html]
[libguides.library.cpp.edu/sb5839.html]
[libguides.library.cpp.edu/sbee6b.html]
[libguides.library.cpp.edu/sb9164.html]
[libguides.library.cpp.edu/sb9d8f.html]
[libguides.library.cpp.edu/sb7baf.html]
[libguides.library.cpp.edu/sb8fdf.html]
[libguides.library.cpp.edu/sb444a.html]
[libguides.library.cpp.edu/sb0bfc.html]
[libguides.library.cpp.edu/sb33d4.html]
[libguides.library.cpp.edu/sbc30f.html]
[libguides.library.cpp.edu/sb4a24.html]
[libguides.library.cpp.edu/sb7ad5.html]
[libguides.library.cpp.edu/sbe5f0.html]
[libguides.library.cpp.edu/sb2d24.html]
[libguides.library.cpp.edu/sb5917.html]
[libguides.library.cpp.edu/sb887d.html]
[libguides.library.cpp.edu/sb185a.html]
[libguides.library.cpp.edu/sbb47c.html]
[libguides.library.cpp.edu/sb302e.html]
[libguides.library.cpp.edu/sb9c7f.html]
[libguides.library.cpp.edu/sbe175.html]
[libguides.library.cpp.edu/sb5259.html]
[libguides.library.cpp.edu/sbe96b.html]
[libguides.library.cpp.edu/sbc1e3.html]
[libguides.library.cpp.edu/sbc2fb.html]
[libguides.library.cpp.edu/sb474f.html]
[libguides.library.cpp.edu/sbf33d.html]
[libguides.library.cpp.edu/sb036b.html]
[libguides.library.cpp.edu/sb3bfc.html]
[libguides.library.cpp.edu/sb447e.html]
[libguides.library.cpp.edu/sbbd27.html]
[libguides.library.cpp.edu/sbf5b8.html]
[libguides.library.cpp.edu/sbfc5d.html]
[libguides.library.cpp.edu/sb0a19.html]
[libguides.library.cpp.edu/sb48e2.html]
[libguides.library.cpp.edu/web/search-2.0-2.18.6/search.min.js]
[libguides.library.cpp.edu/srch66de.html]
[libguides.library.cpp.edu/srch859f.html]
[libguides.library.cpp.edu/srchfe3c.html]
[libguides.library.cpp.edu/srchd2dc.html]
[libguides.library.cpp.edu/srch23ca.html]
[libguides.library.cpp.edu/web/font-awesome/4.7.0/fonts/fontawesome-webfont3e6e.svg]
[libguides.library.cpp.edu/web/slick-1.8.1/slick/fonts/slick.svg]
[libguides.library.cpp.edu/web/fonts/glyphicons-halflings-regular.svg]
[libguides.library.cpp.edu/web/search-2.0-2.18.6/search.css]
[libguides.library.cpp.edu/prf.html]
[libguides.library.cpp.edu/c5416.html]
[libguides.library.cpp.edu/ce1001L.html]
[libguides.library.cpp.edu/ce2011.html]
[libguides.library.cpp.edu/ce3201L.html]
[libguides.library.cpp.edu/ce3211.html]
[libguides.library.cpp.edu/ce3501L.html]
[libguides.library.cpp.edu/ce4201L.html]
[libguides.library.cpp.edu/ce4211.html]
[libguides.library.cpp.edu/ce4810.html]
[libguides.library.cpp.edu/ce5131.html]
[libguides.library.cpp.edu/ce5191.html]
[libguides.library.cpp.edu/che1411L.html]
[libguides.library.cpp.edu/ce3221L.html]
[libguides.library.cpp.edu/che4801A.html]
[libguides.library.cpp.edu/c6727.html]
[libguides.library.cpp.edu/che.html]
[libguides.library.cpp.edu/civil.html]
[libguides.library.cpp.edu/ece4810.html]
[libguides.library.cpp.edu/ece5960.html]
[libguides.library.cpp.edu/egr1000.html]
[libguides.library.cpp.edu/ece.html]
[libguides.library.cpp.edu/eng1103.html]
[libguides.library.cpp.edu/engineeringtechnology.html]
[libguides.library.cpp.edu/ieeecitation.html]
[libguides.library.cpp.edu/ime.html]
[libguides.library.cpp.edu/materials.html]
[libguides.library.cpp.edu/me3070.html]
[libguides.library.cpp.edu/me3111.html]
[libguides.library.cpp.edu/mechanical.html]
[libguides.library.cpp.edu/mep.html]
[libguides.library.cpp.edu/mfe2171.html]
[libguides.library.cpp.edu/mfe2501.html]
[libguides.library.cpp.edu/MSE-MTE.html]
[libguides.library.cpp.edu/mte3170.html]
[libguides.library.cpp.edu/mte5460.html]
[libguides.library.cpp.edu/patents.html]
[libguides.library.cpp.edu/egr4810.html]
[libguides.library.cpp.edu/standards.html]
[libguides.library.cpp.edu/prfdec4.html]
[libguides.library.cpp.edu/sbf623.html]
[libguides.library.cpp.edu/sb55f1.html]
[libguides.library.cpp.edu/sb851a.html]
[libguides.library.cpp.edu/sb37d3.html]
[libguides.library.cpp.edu/sbf845.html]
[libguides.library.cpp.edu/sba841.html]
[libguides.library.cpp.edu/sb5762.html]
[libguides.library.cpp.edu/techreports.html]
[libguides.library.cpp.edu/c7a48.html]
[libguides.library.cpp.edu/citationtutorials/whywecite.html]
[libguides.library.cpp.edu/citationtutorials/findingcitationinfo.html]
[libguides.library.cpp.edu/citationtutorials/apa.html]
[libguides.library.cpp.edu/citationtutorials/chicago.html]
[libguides.library.cpp.edu/citationtutorials/author-date.html]
[libguides.library.cpp.edu/citationtutorials/mla.html]
[libguides.library.cpp.edu/citationtutorials/ieee.html]
[libguides.library.cpp.edu/cf3cd.html]
[libguides.library.cpp.edu/c0113.html]
[libapps.s3.amazonaws.com/accounts/111609/profiles/103238/New_Headshot.jpg]
[libguides.library.cpp.edu/prf29cb.html]
[libguides.library.cpp.edu/subject/music.html]
[libguides.library.cpp.edu/subject/theatre.html]
[libguides.library.cpp.edu/citationtutorials.html]
[libguides.library.cpp.edu/sb.html]
[libguides.library.cpp.edu/sb6c96.html]
[libguides.library.cpp.edu/sbaf5f.html]
[libguides.library.cpp.edu/sbd3fc.html]
[libguides.library.cpp.edu/sb2c0b.html]
[libguides.library.cpp.edu/sba2e1.html]
[libguides.library.cpp.edu/sb0f14.html]
[libguides.library.cpp.edu/sbd2f4.html]
[libguides.library.cpp.edu/sbf60b.html]
[libguides.library.cpp.edu/sbf861.html]
[libguides.library.cpp.edu/sb434f.html]
[libguides.library.cpp.edu/sb690c.html]
[libguides.library.cpp.edu/sbcc41.html]
[libguides.library.cpp.edu/sbf574.html]
[libguides.library.cpp.edu/sbdbe0.html]
[libguides.library.cpp.edu/sbb546.html]
[libguides.library.cpp.edu/sbefa8.html]
[libguides.library.cpp.edu/sb0ae3.html]
[libguides.library.cpp.edu/sbadb3.html]
[libguides.library.cpp.edu/sb5839.html]
[libguides.library.cpp.edu/sbee6b.html]
[libguides.library.cpp.edu/sb9164.html]
[libguides.library.cpp.edu/sb9d8f.html]
[libguides.library.cpp.edu/sb7baf.html]
[libguides.library.cpp.edu/sb8fdf.html]
[libguides.library.cpp.edu/sb444a.html]
[libguides.library.cpp.edu/sb0bfc.html]
[libguides.library.cpp.edu/sb33d4.html]
[libguides.library.cpp.edu/sbc30f.html]
[libguides.library.cpp.edu/sb4a24.html]
[libguides.library.cpp.edu/sb7ad5.html]
[libguides.library.cpp.edu/sbe5f0.html]
[libguides.library.cpp.edu/sb2d24.html]
[libguides.library.cpp.edu/sb5917.html]
[libguides.library.cpp.edu/sb887d.html]
[libguides.library.cpp.edu/sb185a.html]
[libguides.library.cpp.edu/sbb47c.html]
[libguides.library.cpp.edu/sb302e.html]
[libguides.library.cpp.edu/sb9c7f.html]
[libguides.library.cpp.edu/sbe175.html]
[libguides.library.cpp.edu/sb5259.html]
[libguides.library.cpp.edu/sbe96b.html]
[libguides.library.cpp.edu/sbc1e3.html]
[libguides.library.cpp.edu/sbc2fb.html]
[libguides.library.cpp.edu/sb474f.html]
[libguides.library.cpp.edu/sbf33d.html]
[libguides.library.cpp.edu/sb036b.html]
[libguides.library.cpp.edu/sb3bfc.html]
[libguides.library.cpp.edu/sb447e.html]
[libguides.library.cpp.edu/sbbd27.html]
[libguides.library.cpp.edu/sbf5b8.html]
[libguides.library.cpp.edu/sbfc5d.html]
[libguides.library.cpp.edu/sb48e2.html]
[libguides.library.cpp.edu/web/search-2.0-2.18.6/search.css]
[libguides.library.cpp.edu/prf.html]
[libguides.library.cpp.edu/srch5f99.html]
[libguides.library.cpp.edu/c5b5e.html]
[libguides.library.cpp.edu/c5416.html]
[libguides.library.cpp.edu/srch9d8a.html]
[libguides.library.cpp.edu/c7ca3.html]
[libguides.library.cpp.edu/c1361.html]
[libguides.library.cpp.edu/c4fee.html]
[libguides.library.cpp.edu/c972e.html]
[libguides.library.cpp.edu/cf63f.html]
[farm3.staticflickr.com/2495/4218714299_b86b7f3614_b.jpg]
[libguides.library.cpp.edu/srchbee1.html]
[libguides.library.cpp.edu/ce1001L.html]
[libguides.library.cpp.edu/srch4d73.html]
[libguides.library.cpp.edu/c6404.html]
[libguides.library.cpp.edu/c8804.html]
[libguides.library.cpp.edu/c094b.html]
[libguides.library.cpp.edu/cf97a.html]
[lgimages.s3.amazonaws.com/data/imagemanager/28207/bridge.jpg]
[libguides.library.cpp.edu/c926a.html]
[s3.amazonaws.com/libapps/accounts/2555/images/call-widget_green.gif]
[s3.amazonaws.com/libapps/accounts/2536/images/help-widgit_green.png]
[s3.amazonaws.com/libapps/accounts/2536/images/find-widget_green.png]
[s3.amazonaws.com/libapps/accounts/2555/images/text-widget_green.gif]
[s3.amazonaws.com/libapps/accounts/2555/images/chat-widget_green.gif]
[libguides.library.cpp.edu/chat.html]
[libguides.library.cpp.edu/srch81fc.html]
[libguides.library.cpp.edu/ce2011.html]
[libguides.library.cpp.edu/srchea91.html]
[libguides.library.cpp.edu/c1b9c.html]
[libguides.library.cpp.edu/c9e57.html]
[libguides.library.cpp.edu/cdf09.html]
[libguides.library.cpp.edu/cd67b.html]
[libguides.library.cpp.edu/cbc89.html]
[libguides.library.cpp.edu/ce3201L.html]
[libguides.library.cpp.edu/c8cd9.html]
[libguides.library.cpp.edu/c671a.html]
[libguides.library.cpp.edu/c45bd.html]
[libguides.library.cpp.edu/cb18b.html]
[libguides.library.cpp.edu/c040a.html]
[libguides.library.cpp.edu/c4ea0.html]
[libguides.library.cpp.edu/srchf24c.html]
[libguides.library.cpp.edu/srch1dfe.html]
[libguides.library.cpp.edu/srch7a89.html]
[libguides.library.cpp.edu/srch2f0c.html]
[libguides.library.cpp.edu/ce3211.html]
[libguides.library.cpp.edu/srch7379.html]
[libguides.library.cpp.edu/c5ded.html]
[libguides.library.cpp.edu/cc723.html]
[libguides.library.cpp.edu/cb989.html]
[libguides.library.cpp.edu/c4d4b.html]
[libguides.library.cpp.edu/c8c72.html]
[libguides.library.cpp.edu/srch6040.html]
[libguides.library.cpp.edu/srch7f5b.html]
[libguides.library.cpp.edu/srch3e42.html]
[libguides.library.cpp.edu/ce3501L.html]
[libguides.library.cpp.edu/srch6572.html]
[libguides.library.cpp.edu/cbe14.html]
[libguides.library.cpp.edu/c7603.html]
[libguides.library.cpp.edu/cb993.html]
[libguides.library.cpp.edu/c4a95.html]
[libguides.library.cpp.edu/c10ab.html]
[libguides.library.cpp.edu/srch043e.html]
[libguides.library.cpp.edu/srch30c1.html]
[libguides.library.cpp.edu/ce4201L.html]
[libguides.library.cpp.edu/srchbcb2.html]
[libguides.library.cpp.edu/cb58f.html]
[libguides.library.cpp.edu/c099d.html]
[libguides.library.cpp.edu/c91f5.html]
[libguides.library.cpp.edu/cb851.html]
[libguides.library.cpp.edu/srchc305.html]
[libguides.library.cpp.edu/srch52a0.html]
[libguides.library.cpp.edu/srchcfbb.html]
[libguides.library.cpp.edu/ce4211.html]
[libguides.library.cpp.edu/srchb4dc.html]
[libguides.library.cpp.edu/cc65e.html]
[libguides.library.cpp.edu/c5348.html]
[libguides.library.cpp.edu/c577a.html]
[libguides.library.cpp.edu/c108f.html]
[libguides.library.cpp.edu/ca593.html]
[libguides.library.cpp.edu/ce4810.html]
[libguides.library.cpp.edu/srch8c78.html]
[libguides.library.cpp.edu/cf6f3.html]
[libguides.library.cpp.edu/c7e16.html]
[libguides.library.cpp.edu/c9486.html]
[libguides.library.cpp.edu/cd778.html]
[libguides.library.cpp.edu/ca335.html]
[libguides.library.cpp.edu/srch9d71.html]
[libguides.library.cpp.edu/ce5131.html]
[libguides.library.cpp.edu/srch272e.html]
[libguides.library.cpp.edu/c720e.html]
[libguides.library.cpp.edu/c669f.html]
[libguides.library.cpp.edu/c3704.html]
[libguides.library.cpp.edu/cacf9.html]
[libguides.library.cpp.edu/ce90e.html]
[libguides.library.cpp.edu/c17f3.html]
[cdn.pixabay.com/photo/2016/02/14/14/32/construction-1199586_960_720.jpg]
[libguides.library.cpp.edu/srch29b6.html]
[libguides.library.cpp.edu/ce5191.html]
[libguides.library.cpp.edu/srch7284.html]
[libguides.library.cpp.edu/c8703.html]
[libguides.library.cpp.edu/c7c07.html]
[libguides.library.cpp.edu/c9c2a.html]
[libguides.library.cpp.edu/cf4eb.html]
[libguides.library.cpp.edu/che1411L.html]
[libguides.library.cpp.edu/ce3221L.html]
[libguides.library.cpp.edu/che4801A.html]
[libguides.library.cpp.edu/c6727.html]
[libguides.library.cpp.edu/che.html]
[libguides.library.cpp.edu/civil.html]
[libguides.library.cpp.edu/ece4810.html]
[libguides.library.cpp.edu/ece5960.html]
[libguides.library.cpp.edu/egr1000.html]
[libguides.library.cpp.edu/ece.html]
[libguides.library.cpp.edu/eng1103.html]
[libguides.library.cpp.edu/engineeringtechnology.html]
[libguides.library.cpp.edu/ieeecitation.html]
[libguides.library.cpp.edu/ime.html]
[libguides.library.cpp.edu/materials.html]
[libguides.library.cpp.edu/me3070.html]
[libguides.library.cpp.edu/me3111.html]
[libguides.library.cpp.edu/mechanical.html]
[libguides.library.cpp.edu/mep.html]
[libguides.library.cpp.edu/mfe2171.html]
[libguides.library.cpp.edu/mfe2501.html]
[libguides.library.cpp.edu/MSE-MTE.html]
[libguides.library.cpp.edu/mte3170.html]
[libguides.library.cpp.edu/mte5460.html]
[libguides.library.cpp.edu/patents.html]
[libguides.library.cpp.edu/egr4810.html]
[libguides.library.cpp.edu/standards.html]
[libguides.library.cpp.edu/techreports.html]
[libguides.library.cpp.edu/c7a48.html]
[libguides.library.cpp.edu/citationtutorials/whywecite.html]
[libguides.library.cpp.edu/citationtutorials/findingcitationinfo.html]
[libguides.library.cpp.edu/citationtutorials/apa.html]
[libguides.library.cpp.edu/citationtutorials/chicago.html]
[libguides.library.cpp.edu/citationtutorials/author-date.html]
[libguides.library.cpp.edu/citationtutorials/mla.html]
[libguides.library.cpp.edu/citationtutorials/ieee.html]
[libguides.library.cpp.edu/cf3cd.html]
[libguides.library.cpp.edu/c0113.html]
[libguides.library.cpp.edu/prf29cb.html]
[libguides.library.cpp.edu/subject/music.html]
